// Jest Snapshot v1, https://goo.gl/fbAQLP

exports[`should render expense list item correctly  1`] = `
<div>
  <Link
    to="/edit/0"
  >
    <h3>
      test0
    </h3>
  </Link>
  <p>
    $10,000,000.00
    -
    April 14th, 1970
  </p>
</div>
`;
